10:47:48 **** Auto Build of configuration Debug for project lab_1_sim ****
make all 
'Building file: ../src/helloworld.c'
'Invoking: MicroBlaze gcc compiler'
mb-gcc -Wall -O0 -g3 -c -fmessage-length=0 -MT"src/helloworld.o" -I../../lab_1_sim_bsp/microblaze_0/include -mlittle-endian -mcpu=v11.0 -mxl-soft-mul -Wl,--no-relax -ffunction-sections -fdata-sections -MMD -MP -MF"src/helloworld.d" -MT"src/helloworld.o" -o "src/helloworld.o" "../src/helloworld.c"
'Finished building: ../src/helloworld.c'
' '
'Building target: lab_1_sim.elf'
'Invoking: MicroBlaze gcc linker'
mb-gcc -Wl,-T -Wl,../src/lscript.ld -L../../lab_1_sim_bsp/microblaze_0/lib -mlittle-endian -mcpu=v11.0 -mxl-soft-mul -Wl,--no-relax -Wl,--gc-sections -o "lab_1_sim.elf"  ./src/helloworld.o ./src/platform.o   -Wl,--start-group,-lxil,-lgcc,-lc,--end-group
'Finished building target: lab_1_sim.elf'
' '
'Invoking: MicroBlaze Print Size'
mb-size lab_1_sim.elf  |tee "lab_1_sim.elf.size"
   text	   data	    bss	    dec	    hex	filename
  97332	   1672	   3172	 102176	  18f20	lab_1_sim.elf
'Finished building: lab_1_sim.elf.size'
' '

10:47:49 Build Finished (took 1s.156ms)

